appId=pferr-style-b2b5b90641074d8887ba07f0b153b1db
3840 ready cases=1
3844 STORAGE path=C:\Users\hello\AppData\Roaming\pferr-style-b2b5b90641074d8887ba07f0b153b1db\Local Store existsBefore=true
3856 STORAGE existsAfter=true
4159 heartbeat state=0 case=0 allLands=false text=true resources=false rrCurrent=false rrHost=false
4162 development class loaded from unchanged SWF in driver's child domain; init caller is harness
4192 development init returned
10038 STARTUP-READY all 31 host loaders loaded with nonempty pools
12201 newGame(-1) issued, intro skipped
14565 heartbeat state=1 case=0 allLands=true text=true resources=true rrCurrent=false rrHost=false
14565 initial world ready land=rbl
18523 development debugTravel random_rooms case=rrstyle-growth
21661 arrived random_rooms room=rr_begin
23821 heartbeat state=3 case=0 allLands=true text=true resources=true rrCurrent=false rrHost=false
24394 capture rrstyle-growth-stage 1008x729 room=rr_begin lightOverlay=true
26210 capture rrstyle-growth-room 1920x1000 room=rr_begin lightOverlay=false
26245 development pool rrstyle-growth total=25 generated=25 assembled=25 issues=0 themes={"plant":25}
26277 NAV-GROWTH natural spawn, initial=5x5; targets=[{"y":0,"x":5,"label":"new-column"},{"y":0,"x":4,"label":"return-column"},{"y":5,"x":4,"label":"new-row"},{"y":4,"x":4,"label":"return-row"}]
26302 NAV-GROW-ROUTE 0,0 -> 4,0 edges=4
26307 NAV-SAMPLE {"y":360,"task":{"y":0,"toX":1,"port":5,"kind":"cross","toY":0,"x":0},"target":0,"frame":0,"route":[],"stay":true,"x":961.8,"ladder":0}
27254 DOOR target=door2 x=1260 lock=0 mine=0
27289 DOOR-SAMPLE {"face":1,"cx":1259.047619047619,"remaining":0,"y2":359,"y1":279,"cy":318.0952380952381,"selectedId":null,"action":false,"x2":1280,"selected":false,"cursor":0,"visi":1,"x1":1240,"open":false}
28296 NAV-SAMPLE {"y":348,"task":{"y":0,"toX":1,"port":5,"kind":"cross","toY":0,"x":0},"target":0,"frame":60,"route":[420,852,1146,1150],"stay":false,"x":1378.3,"ladder":0}
28824 DOOR target=door1 x=1580 lock=0 mine=0
30285 NAV-SAMPLE {"y":514.875,"task":{"y":0,"toX":1,"port":5,"kind":"cross","toY":0,"x":0},"target":0,"frame":120,"route":[852,1146,1150],"stay":false,"x":1495,"ladder":1}
31987 NAV-POSE {"leaveSide":false,"step":1146,"stayPhis":0,"stuck":24,"y":719.625,"dy":239.375,"stay":false,"x":1495,"dx":225,"ladder":1}
32221 NAV-POSE {"leaveSide":false,"step":1146,"stayPhis":0,"stuck":31,"y":719.625,"dy":239.375,"stay":false,"x":1495,"dx":225,"ladder":1}
32286 NAV-SAMPLE {"y":696.625,"task":{"y":0,"toX":1,"port":5,"kind":"cross","toY":0,"x":0},"target":0,"frame":180,"route":[1146,1150],"stay":false,"x":1509,"ladder":0}
33820 heartbeat state=11 case=0 allLands=true text=true resources=true rrCurrent=false rrHost=false
34290 NAV-SAMPLE {"y":720,"task":{"y":0,"toX":1,"port":5,"kind":"cross","toY":0,"x":0},"target":0,"frame":240,"route":[1146,1150],"stay":true,"x":1719.8,"ladder":0}
34296 NAV-AVOID-FURNITURE alternate native tile route
36286 NAV-SAMPLE {"y":795,"task":{"y":0,"toX":1,"port":5,"kind":"cross","furnitureRerouted":true,"toY":0,"x":0},"target":0,"frame":300,"route":[855,999,1146,1150],"stay":false,"x":1573.1000000000004,"ladder":0}
38285 NAV-SAMPLE {"y":960,"task":{"y":0,"toX":1,"port":5,"kind":"cross","furnitureRerouted":true,"toY":0,"x":0},"target":0,"frame":360,"route":[1150],"stay":true,"x":1803.800000000001,"ladder":0}
39362 NAV-CROSS {"y":960,"to":"1,0","port":5,"frames":374,"kind":"cross","success":true,"from":"0,0","x":34}
40887 NAV-SAMPLE {"y":792,"task":{"y":0,"toX":2,"port":4,"kind":"cross","toY":0,"x":1},"target":1,"frame":46,"route":[627,634,586,587,592,736,737,1121,1148,956,958],"stay":false,"x":145,"ladder":-1}
42887 NAV-SAMPLE {"y":478.75,"task":{"y":0,"toX":2,"port":4,"kind":"cross","toY":0,"x":1},"target":1,"frame":106,"route":[634,586,587,592,736,737,1121,1148,956,958],"stay":false,"x":243,"ladder":0}
43826 heartbeat state=11 case=0 allLands=true text=true resources=true rrCurrent=false rrHost=false
44889 NAV-SAMPLE {"y":520,"task":{"y":0,"toX":2,"port":4,"kind":"cross","toY":0,"x":1},"target":1,"frame":166,"route":[592,736,737,1121,1148,956,958],"stay":true,"x":527.1,"ladder":0}
46888 NAV-SAMPLE {"y":585.5,"task":{"y":0,"toX":2,"port":4,"kind":"cross","toY":0,"x":1},"target":1,"frame":226,"route":[737,1121,1148,956,958],"stay":false,"x":692.5074187907566,"ladder":0}
48987 NAV-SAMPLE {"y":960,"task":{"y":0,"toX":2,"port":4,"kind":"cross","toY":0,"x":1},"target":1,"frame":286,"route":[1148,956,958],"stay":true,"x":875.3999999999999,"ladder":0}
49022 DOOR target=door2 x=980 lock=0 mine=0
50554 DOOR target=door2 x=1300 lock=0 mine=0
50989 NAV-SAMPLE {"y":960,"task":{"y":0,"toX":2,"port":4,"kind":"cross","toY":0,"x":1},"target":1,"frame":346,"route":[1148,956,958],"stay":true,"x":1295.3999999999999,"ladder":0}
52989 NAV-SAMPLE {"y":960,"task":{"y":0,"toX":2,"port":4,"kind":"cross","toY":0,"x":1},"target":1,"frame":406,"route":[1148,956,958],"stay":true,"x":1715.3999999999999,"ladder":0}
53826 heartbeat state=11 case=0 allLands=true text=true resources=true rrCurrent=false rrHost=false
54987 NAV-SAMPLE {"y":747.25,"task":{"y":0,"toX":2,"port":4,"kind":"cross","toY":0,"x":1},"target":1,"frame":466,"route":[958],"stay":false,"x":1855,"ladder":0}
55911 NAV-CROSS {"y":800,"to":"2,0","port":4,"frames":478,"kind":"cross","success":true,"from":"1,0","x":34}
57490 NAV-SAMPLE {"y":737,"task":{"y":0,"toX":3,"port":2,"kind":"cross","toY":0,"x":2},"target":2,"frame":48,"route":[917,1109,1112,689,700,702,716,572,574],"stay":false,"x":273.75,"ladder":0}
59489 NAV-SAMPLE {"y":829.6000000000001,"task":{"y":0,"toX":3,"port":2,"kind":"cross","toY":0,"x":2},"target":2,"frame":108,"route":[],"stay":true,"x":490.3999999999999,"ladder":0}
61494 NAV-SAMPLE {"y":627.4750000000001,"task":{"y":0,"toX":3,"port":2,"kind":"cross","toY":0,"x":2},"target":2,"frame":168,"route":[],"stay":true,"x":692.5249999999999,"ladder":0}
63495 NAV-SAMPLE {"y":600,"task":{"y":0,"toX":3,"port":2,"kind":"cross","toY":0,"x":2},"target":2,"frame":228,"route":[700,702,716,572,574],"stay":true,"x":817.5,"ladder":0}
63794 DOOR target=door2 x=980 lock=0 mine=0
63829 heartbeat state=11 case=0 allLands=true text=true resources=true rrCurrent=false rrHost=false
65587 NAV-SAMPLE {"y":558,"task":{"y":0,"toX":3,"port":2,"kind":"cross","furnitureRerouted":true,"toY":0,"x":2},"target":2,"frame":288,"route":[700,702,716,572,574],"stay":false,"x":1173.15,"ladder":0}
67593 NAV-SAMPLE {"y":573,"task":{"y":0,"toX":3,"port":2,"kind":"cross","furnitureRerouted":true,"toY":0,"x":2},"target":2,"frame":348,"route":[702,716,572,574],"stay":false,"x":1227,"ladder":0}
68097 DOOR target=door2 x=1380 lock=0 mine=0
69592 NAV-SAMPLE {"y":600,"task":{"y":0,"toX":3,"port":2,"kind":"cross","furnitureRerouted":true,"toY":0,"x":2},"target":2,"frame":408,"route":[716,572,574],"stay":true,"x":1597.4499999999998,"ladder":0}
70089 DOOR target=hatch1 x=1800 lock=0 mine=0
71588 NAV-SAMPLE {"y":422.25,"task":{"y":0,"toX":3,"port":2,"kind":"cross","furnitureRerouted":true,"toY":0,"x":2},"target":2,"frame":468,"route":[574],"stay":false,"x":1852.2926715138242,"ladder":0}
72996 NAV-CROSS {"y":480,"to":"3,0","port":2,"frames":494,"kind":"cross","success":true,"from":"2,0","x":34}
73824 heartbeat state=11 case=0 allLands=true text=true resources=true rrCurrent=false rrHost=false
74653 NAV-SAMPLE {"y":480,"task":{"y":0,"toX":4,"port":5,"kind":"cross","toY":0,"x":3},"target":3,"frame":34,"route":[770,771,1107,1150],"stay":true,"x":120.30000000000001,"ladder":0}
76659 NAV-SAMPLE {"y":911.75,"task":{"y":0,"toX":4,"port":5,"kind":"cross","toY":0,"x":3},"target":3,"frame":94,"route":[1107,1150],"stay":false,"x":135,"ladder":1}
78754 NAV-SAMPLE {"y":960,"task":{"y":0,"toX":4,"port":5,"kind":"cross","toY":0,"x":3},"target":3,"frame":154,"route":[1150],"stay":true,"x":344.30080565277757,"ladder":0}
79023 DOOR target=door2 x=500 lock=0 mine=0
80755 NAV-SAMPLE {"y":960,"task":{"y":0,"toX":4,"port":5,"kind":"cross","toY":0,"x":3},"target":3,"frame":214,"route":[1150],"stay":true,"x":764.3008056527776,"ladder":0}
80957 DOOR target=door2 x=900 lock=0 mine=0
82758 NAV-SAMPLE {"y":960,"task":{"y":0,"toX":4,"port":5,"kind":"cross","furnitureRerouted":true,"toY":0,"x":3},"target":3,"frame":274,"route":[1150],"stay":true,"x":1184.3008056527776,"ladder":0}
83827 heartbeat state=11 case=0 allLands=true text=true resources=true rrCurrent=false rrHost=false
84755 NAV-SAMPLE {"y":960,"task":{"y":0,"toX":4,"port":5,"kind":"cross","furnitureRerouted":true,"toY":0,"x":3},"target":3,"frame":334,"route":[1150],"stay":true,"x":1604.3008056527776,"ladder":0}
86669 NAV-CROSS {"y":960,"to":"4,0","port":5,"frames":376,"kind":"cross","success":true,"from":"3,0","x":34}
87200 NAV-GROW-ROUTE 4,0 -> 5,0 edges=1
87754 NAV-SAMPLE {"y":960,"task":{"y":0,"toX":5,"port":1,"kind":"cross","toY":0,"x":4},"target":0,"frame":17,"route":[1108,772,773,796,460,472,376,382],"stay":true,"x":160,"ladder":0}
88724 DOOR target=hatch1 x=200 lock=0 mine=0
88754 DOOR-SAMPLE {"face":-1,"cx":200,"remaining":0,"y2":719,"y1":669,"cy":714.2857142857142,"selectedId":null,"action":false,"x2":240,"selected":false,"cursor":0,"visi":1,"x1":160,"open":false}
89755 NAV-SAMPLE {"y":645,"task":{"y":0,"toX":5,"port":1,"kind":"cross","toY":0,"x":4},"target":0,"frame":77,"route":[773,796,460,472,376,382],"stay":false,"x":218.55044758487642,"ladder":0}
91760 NAV-SAMPLE {"y":680,"task":{"y":0,"toX":5,"port":1,"kind":"cross","toY":0,"x":4},"target":0,"frame":137,"route":[796,460,472,376,382],"stay":true,"x":538.9513427546293,"ladder":0}
93757 NAV-SAMPLE {"y":680,"task":{"y":0,"toX":5,"port":1,"kind":"cross","toY":0,"x":4},"target":0,"frame":197,"route":[796,460,472,376,382],"stay":true,"x":958.9513427546293,"ladder":0}
93824 heartbeat state=11 case=0 allLands=true text=true resources=true rrCurrent=false rrHost=false
95855 NAV-SAMPLE {"y":496.25,"task":{"y":0,"toX":5,"port":1,"kind":"cross","toY":0,"x":4},"target":0,"frame":257,"route":[460,472,376,382],"stay":false,"x":1145,"ladder":-1}
97756 DOOR target=door1 x=1500 lock=0 mine=0
97862 NAV-SAMPLE {"y":400,"task":{"y":0,"toX":5,"port":1,"kind":"cross","toY":0,"x":4},"target":0,"frame":317,"route":[472,376,382],"stay":true,"x":1425,"ladder":0}
99871 NAV-SAMPLE {"y":244,"task":{"y":0,"toX":5,"port":1,"kind":"cross","toY":0,"x":4},"target":0,"frame":377,"route":[382],"stay":false,"x":1737,"ladder":0}
100963 NAV-CROSS {"y":320,"to":"5,0","port":1,"frames":400,"kind":"cross","success":true,"from":"4,0","x":34}
102888 NAV-SAMPLE {"y":449.95,"task":{"y":0,"space":0,"floor":23,"entry":"new-column","kind":"space","x1":27,"x":5,"x0":15},"target":0,"frame":36,"route":[],"stay":true,"x":249.95000000000002,"ladder":0}
103822 heartbeat state=11 case=0 allLands=true text=true resources=true rrCurrent=false rrHost=false
104886 NAV-SAMPLE {"y":520,"task":{"y":0,"space":0,"floor":23,"entry":"new-column","kind":"space","x1":27,"x":5,"x0":15},"target":0,"frame":96,"route":[593,737,738,1122,1124],"stay":true,"x":640.2,"ladder":0}
106889 NAV-SAMPLE {"y":560.5,"task":{"y":0,"space":0,"floor":23,"entry":"new-column","kind":"space","x1":27,"x":5,"x0":15},"target":0,"frame":156,"route":[738,1122,1124],"stay":false,"x":735,"ladder":0}
108153 NAV-MILESTONE {"y":0,"width":8,"height":5,"kind":"milestone","success":true,"x":5,"label":"new-column"}
109829 capture rrstyle-growth-new-column 1920x1000 room=syn_25 lightOverlay=false
109849 NAV-GROW-ROUTE 5,0 -> 4,0 edges=1
110520 NAV-SAMPLE {"y":960,"task":{"y":0,"toX":4,"port":12,"kind":"cross","toY":0,"x":5},"target":0,"frame":21,"route":[1114,586,582,337,336],"stay":true,"x":698.8999999999999,"ladder":0}
110621 DOOR target=door2 x=580 lock=0 mine=0
112524 NAV-SAMPLE {"y":844.5,"task":{"y":0,"toX":4,"port":12,"kind":"cross","toY":0,"x":5},"target":0,"frame":81,"route":[586,582,337,336],"stay":false,"x":425,"ladder":-1}
113867 heartbeat state=11 case=0 allLands=true text=true resources=true rrCurrent=false rrHost=false
114520 NAV-SAMPLE {"y":529.5,"task":{"y":0,"toX":4,"port":12,"kind":"cross","toY":0,"x":5},"target":0,"frame":141,"route":[586,582,337,336],"stay":false,"x":425,"ladder":-1}
116523 NAV-SAMPLE {"y":282.93599996757814,"task":{"y":0,"toX":4,"port":12,"kind":"cross","toY":0,"x":5},"target":0,"frame":201,"route":[336],"stay":false,"x":88.38599996757812,"ladder":0}
117433 NAV-CROSS {"y":320,"to":"4,0","port":12,"frames":214,"kind":"cross","success":true,"from":"5,0","x":1886}
118987 NAV-SAMPLE {"y":320,"task":{"y":0,"space":0,"floor":16,"entry":"return-column","kind":"space","x1":46,"x":4,"x0":1},"target":0,"frame":46,"route":[470,460,604,603,795,794],"stay":true,"x":1569.45,"ladder":0}
120998 NAV-SAMPLE {"y":400,"task":{"y":0,"space":0,"floor":16,"entry":"return-column","kind":"space","x1":46,"x":4,"x0":1},"target":0,"frame":106,"route":[460,604,603,795,794],"stay":true,"x":1377.95,"ladder":0}
122989 NAV-SAMPLE {"y":499.75,"task":{"y":0,"space":0,"floor":16,"entry":"return-column","kind":"space","x1":46,"x":4,"x0":1},"target":0,"frame":166,"route":[603,795,794],"stay":false,"x":1145,"ladder":-1}
123805 heartbeat state=11 case=0 allLands=true text=true resources=true rrCurrent=false rrHost=false
124789 NAV-MILESTONE {"y":0,"width":8,"height":5,"kind":"milestone","success":true,"x":4,"label":"return-column"}
126473 capture rrstyle-growth-return-column 1920x1000 room=syn_20 lightOverlay=false
126496 NAV-GROW-ROUTE 4,0 -> 4,4 edges=6
126652 NAV-SAMPLE {"y":680,"task":{"y":0,"toX":5,"port":1,"kind":"cross","toY":0,"x":4},"target":0,"frame":5,"route":[796,460,472,376,382],"stay":true,"x":1108.4581778675515,"ladder":0}
128654 NAV-SAMPLE {"y":373.5,"task":{"y":0,"toX":5,"port":1,"kind":"cross","toY":0,"x":4},"target":0,"frame":65,"route":[472,376,382],"stay":false,"x":1159,"ladder":0}
130658 NAV-SAMPLE {"y":400,"task":{"y":0,"toX":5,"port":1,"kind":"cross","toY":0,"x":4},"target":0,"frame":125,"route":[472,376,382],"stay":true,"x":1579,"ladder":0}
133296 NAV-CROSS {"y":320,"to":"5,0","port":1,"frames":186,"kind":"cross","success":true,"from":"4,0","x":34}
133819 heartbeat state=11 case=0 allLands=true text=true resources=true rrCurrent=false rrHost=false
135220 NAV-SAMPLE {"y":520,"task":{"y":0,"toX":5,"port":8,"kind":"cross","toY":1,"x":5},"target":1,"frame":59,"route":[593,737,738,1122,1127,1175],"stay":true,"x":374.20000000000005,"ladder":0}
137228 NAV-SAMPLE {"y":470,"task":{"y":0,"toX":5,"port":8,"kind":"cross","toY":1,"x":5},"target":1,"frame":119,"route":[593,737,738,1122,1127,1175],"stay":false,"x":727.7000000000002,"ladder":0}
139225 NAV-SAMPLE {"y":847.4999999999995,"task":{"y":0,"toX":5,"port":8,"kind":"cross","toY":1,"x":5},"target":1,"frame":179,"route":[738,1122,1127,1175],"stay":false,"x":759.5999999999998,"ladder":0}
141802 NAV-CROSS {"y":80,"to":"5,1","port":8,"frames":237,"kind":"cross","success":true,"from":"5,0","x":975}
141859 NAV-SAMPLE {"y":87.875,"task":{"y":1,"toX":5,"port":10,"kind":"cross","toY":2,"x":5},"target":2,"frame":2,"route":[119,120,360,361,362,746,748,1084,1085,1133,1136,608,620,764,763,1147,1145,1193],"stay":false,"x":975,"ladder":1}
143822 heartbeat state=11 case=0 allLands=true text=true resources=true rrCurrent=false rrHost=false
143861 NAV-SAMPLE {"y":308,"task":{"y":1,"toX":5,"port":10,"kind":"cross","toY":2,"x":5},"target":2,"frame":62,"route":[362,746,748,1084,1085,1133,1136,608,620,764,763,1147,1145,1193],"stay":false,"x":1045.1397649444323,"ladder":0}
145858 NAV-SAMPLE {"y":572,"task":{"y":1,"toX":5,"port":10,"kind":"cross","toY":2,"x":5},"target":2,"frame":122,"route":[748,1084,1085,1133,1136,608,620,764,763,1147,1145,1193],"stay":false,"x":1158.7397649444329,"ladder":0}
147857 NAV-SAMPLE {"y":916,"task":{"y":1,"toX":5,"port":10,"kind":"cross","toY":2,"x":5},"target":2,"frame":182,"route":[1133,1136,608,620,764,763,1147,1145,1193],"stay":false,"x":1204.4,"ladder":0}
149860 NAV-SAMPLE {"y":776.25,"task":{"y":1,"toX":5,"port":10,"kind":"cross","toY":2,"x":5},"target":2,"frame":242,"route":[608,620,764,763,1147,1145,1193],"stay":false,"x":1335,"ladder":1}
151987 NAV-SAMPLE {"y":444,"task":{"y":1,"toX":5,"port":10,"kind":"cross","toY":2,"x":5},"target":2,"frame":302,"route":[620,764,763,1147,1145,1193],"stay":false,"x":1404.6640000324219,"ladder":0}
153420 DOOR target=hatch1 x=1800 lock=0 mine=0
153824 heartbeat state=11 case=0 allLands=true text=true resources=true rrCurrent=false rrHost=false
153989 NAV-SAMPLE {"y":443,"task":{"y":1,"toX":5,"port":10,"kind":"cross","toY":2,"x":5},"target":2,"frame":362,"route":[620,764,763,1147,1145,1193],"stay":false,"x":1810.0640000324217,"ladder":0}
155992 NAV-SAMPLE {"y":567.5,"task":{"y":1,"toX":5,"port":10,"kind":"cross","toY":2,"x":5},"target":2,"frame":422,"route":[763,1147,1145,1193],"stay":false,"x":1785,"ladder":0}
158605 NAV-CROSS {"y":80,"to":"5,2","port":10,"frames":482,"kind":"cross","success":true,"from":"5,1","x":1665}
160486 DOOR target=door2 x=1380 lock=0 mine=0
160601 NAV-SAMPLE {"y":280,"task":{"y":2,"toX":5,"port":6,"kind":"cross","toY":3,"x":5},"target":3,"frame":60,"route":[319,703,702,846,841,985,984,1128,1109,1157],"stay":true,"x":1455.3500000000001,"ladder":0}
162593 NAV-SAMPLE {"y":560.875,"task":{"y":2,"toX":5,"port":6,"kind":"cross","toY":3,"x":5},"target":3,"frame":120,"route":[703,702,846,841,985,984,1128,1109,1157],"stay":false,"x":1265,"ladder":-1}
163829 heartbeat state=11 case=0 allLands=true text=true resources=true rrCurrent=false rrHost=false
164603 NAV-SAMPLE {"y":756.75,"task":{"y":2,"toX":5,"port":6,"kind":"cross","toY":3,"x":5},"target":3,"frame":180,"route":[985,984,1128,1109,1157],"stay":false,"x":1025,"ladder":-1}
166721 NAV-SAMPLE {"y":923,"task":{"y":2,"toX":5,"port":6,"kind":"cross","toY":3,"x":5},"target":3,"frame":240,"route":[1109,1157],"stay":false,"x":808.3233793373951,"ladder":0}
167157 DOOR target=door2 x=620 lock=0 mine=0
168725 NAV-SAMPLE {"y":960,"task":{"y":2,"toX":5,"port":6,"kind":"cross","toY":3,"x":5},"target":3,"frame":300,"route":[1109,1157],"stay":true,"x":388.32337933739507,"ladder":0}
170552 NAV-CROSS {"y":80,"to":"5,3","port":6,"frames":342,"kind":"cross","success":true,"from":"5,2","x":225}
171987 NAV-SAMPLE {"y":97.9,"task":{"y":3,"toX":5,"port":7,"kind":"cross","toY":4,"x":5},"target":4,"frame":18,"route":[102,342,348,492,491,683,681,825,826,1114,1118,1166],"stay":false,"x":255,"ladder":0}
173823 heartbeat state=11 case=0 allLands=true text=true resources=true rrCurrent=false rrHost=false
173986 NAV-SAMPLE {"y":257,"task":{"y":3,"toX":5,"port":7,"kind":"cross","toY":4,"x":5},"target":4,"frame":78,"route":[348,492,491,683,681,825,826,1114,1118,1166],"stay":false,"x":528.8000000000003,"ladder":0}
175985 NAV-SAMPLE {"y":516,"task":{"y":3,"toX":5,"port":7,"kind":"cross","toY":4,"x":5},"target":4,"frame":138,"route":[683,681,825,826,1114,1118,1166],"stay":false,"x":468.2372788726965,"ladder":0}
177987 NAV-SAMPLE {"y":673.5,"task":{"y":3,"toX":5,"port":7,"kind":"cross","toY":4,"x":5},"target":4,"frame":198,"route":[826,1114,1118,1166],"stay":false,"x":406.70000000000005,"ladder":0}
179393 NAV-AVOID-FURNITURE alternate native tile route
179992 NAV-SAMPLE {"y":883,"task":{"y":3,"toX":5,"port":7,"kind":"cross","furnitureRerouted":true,"toY":4,"x":5},"target":4,"frame":258,"route":[1118,1166],"stay":false,"x":590.1000000000005,"ladder":0}
181100 NAV-CROSS {"y":80,"to":"5,4","port":7,"frames":280,"kind":"cross","success":true,"from":"5,3","x":585}
182625 DOOR target=door2 x=500 lock=0 mine=0
183320 NAV-SAMPLE {"y":219.875,"task":{"y":4,"toX":4,"port":15,"kind":"cross","toY":4,"x":5},"target":5,"frame":38,"route":[297,825,824,1016,1015,1013,915,912],"stay":false,"x":548.8722563722689,"ladder":0}
183826 heartbeat state=11 case=0 allLands=true text=true resources=true rrCurrent=false rrHost=false
185336 NAV-SAMPLE {"y":434.875,"task":{"y":4,"toX":4,"port":15,"kind":"cross","toY":4,"x":5},"target":5,"frame":98,"route":[825,824,1016,1015,1013,915,912],"stay":false,"x":385,"ladder":-1}
187319 NAV-SAMPLE {"y":860.125,"task":{"y":4,"toX":4,"port":15,"kind":"cross","toY":4,"x":5},"target":5,"frame":158,"route":[1015,1013,915,912],"stay":false,"x":385,"ladder":-1}
188022 NAV-POSE {"leaveSide":false,"step":1015,"stayPhis":0,"stuck":24,"y":860.125,"dy":58.875,"stay":false,"x":385,"dx":-65,"ladder":-1}
188253 NAV-POSE {"leaveSide":false,"step":1015,"stayPhis":0,"stuck":31,"y":860.125,"dy":58.875,"stay":false,"x":385,"dx":-65,"ladder":-1}
189329 NAV-SAMPLE {"y":895.0999999999999,"task":{"y":4,"toX":4,"port":15,"kind":"cross","toY":4,"x":5},"target":5,"frame":218,"route":[],"stay":true,"x":295.09999999999997,"ladder":0}
191005 NAV-CROSS {"y":800,"to":"4,4","port":15,"frames":260,"kind":"cross","success":true,"from":"5,4","x":1886}
191044 NAV-GROW-ROUTE 4,4 -> 4,5 edges=1
191587 NAV-SAMPLE {"y":725,"task":{"y":4,"toX":4,"port":6,"kind":"cross","toY":5,"x":4},"target":0,"frame":17,"route":[954,952,1144,1109,1157],"stay":false,"x":1760.6000000000001,"ladder":0}
193587 NAV-SAMPLE {"y":960,"task":{"y":4,"toX":4,"port":6,"kind":"cross","toY":5,"x":4},"target":0,"frame":77,"route":[1109,1157],"stay":true,"x":1621.1999999999996,"ladder":0}
193824 heartbeat state=11 case=0 allLands=true text=true resources=true rrCurrent=false rrHost=false
193890 DOOR target=door2 x=1460 lock=0 mine=0
195585 NAV-SAMPLE {"y":960,"task":{"y":4,"toX":4,"port":6,"kind":"cross","toY":5,"x":4},"target":0,"frame":137,"route":[1109,1157],"stay":true,"x":1201.1999999999996,"ladder":0}
196387 DOOR target=door2 x=940 lock=0 mine=0
197589 NAV-SAMPLE {"y":960,"task":{"y":4,"toX":4,"port":6,"kind":"cross","toY":5,"x":4},"target":0,"frame":197,"route":[1109,1157],"stay":true,"x":781.1999999999996,"ladder":0}
198287 DOOR target=door1 x=540 lock=0 mine=0
199059 NAV-AVOID-FURNITURE alternate native tile route
199585 NAV-SAMPLE {"y":960,"task":{"y":4,"toX":4,"port":6,"kind":"cross","furnitureRerouted":true,"toY":5,"x":4},"target":0,"frame":257,"route":[1109,1157],"stay":true,"x":361.1999999999996,"ladder":0}
201431 NAV-CROSS {"y":80,"to":"4,5","port":6,"frames":298,"kind":"cross","success":true,"from":"4,4","x":225}
202887 NAV-SAMPLE {"y":105.9,"task":{"y":5,"space":0,"floor":7,"entry":"new-row","kind":"space","x1":46,"x":4,"x0":33},"target":0,"frame":18,"route":[102,438,453,454,598,604,364,375],"stay":false,"x":255,"ladder":0}
203830 heartbeat state=11 case=0 allLands=true text=true resources=true rrCurrent=false rrHost=false
204190 DOOR target=hatch2 x=520 lock=0 mine=0
204856 DOOR target=door1 x=660 lock=0 mine=0
204890 NAV-SAMPLE {"y":328,"task":{"y":5,"space":0,"floor":7,"entry":"new-row","kind":"space","x1":46,"x":4,"x0":33},"target":0,"frame":78,"route":[453,454,598,604,364,375],"stay":false,"x":568.4000000000001,"ladder":0}
204891 DOOR-SAMPLE {"face":1,"cx":659.047619047619,"remaining":0,"y2":399,"y1":319,"cy":358.0952380952381,"selectedId":"hatch2","action":false,"x2":680,"selected":false,"cursor":0,"visi":1,"x1":640,"open":false}
206887 NAV-SAMPLE {"y":343,"task":{"y":5,"space":0,"floor":7,"entry":"new-row","kind":"space","x1":46,"x":4,"x0":33},"target":0,"frame":138,"route":[454,598,604,364,375],"stay":false,"x":918.6499999999997,"ladder":0}
208756 NAV-POSE {"leaveSide":false,"step":454,"stayPhis":2,"stuck":24,"y":460,"dy":-61,"stay":true,"x":912.3999999999996,"dx":7.600000000000364,"ladder":0}
208890 NAV-SAMPLE {"y":460,"task":{"y":5,"space":0,"floor":7,"entry":"new-row","kind":"space","x1":46,"x":4,"x0":33},"target":0,"frame":198,"route":[454,598,604,364,375],"stay":true,"x":912.3999999999996,"ladder":0}
208991 NAV-POSE {"leaveSide":false,"step":454,"stayPhis":2,"stuck":31,"y":460,"dy":-61,"stay":true,"x":912.3999999999996,"dx":7.600000000000364,"ladder":0}
209959 NAV-STUCK {"y":460,"dx":7.600000000000364,"tx":920,"dy":-61,"x":912.3999999999996,"ty":399,"stayPhis":2}
210889 NAV-SAMPLE {"y":460,"task":{"y":5,"space":0,"floor":7,"entry":"new-row","kind":"space","furnitureRerouted":true,"x1":46,"x":4,"x0":33},"target":0,"frame":258,"route":[454,598,604,364,375],"stay":true,"x":912.3999999999996,"ladder":0}
212891 NAV-SAMPLE {"y":460,"task":{"y":5,"space":0,"floor":7,"entry":"new-row","kind":"space","furnitureRerouted":true,"x1":46,"x":4,"x0":33},"target":0,"frame":318,"route":[454,598,604,364,375],"stay":true,"x":912.3999999999996,"ladder":0}
213824 heartbeat state=11 case=0 allLands=true text=true resources=true rrCurrent=false rrHost=false
214888 NAV-SAMPLE {"y":460,"task":{"y":5,"space":0,"floor":7,"entry":"new-row","kind":"space","furnitureRerouted":true,"x1":46,"x":4,"x0":33},"target":0,"frame":378,"route":[454,598,604,364,375],"stay":true,"x":912.3999999999996,"ladder":0}
216950 NAV-SAMPLE {"y":460,"task":{"y":5,"space":0,"floor":7,"entry":"new-row","kind":"space","furnitureRerouted":true,"x1":46,"x":4,"x0":33},"target":0,"frame":438,"route":[454,598,604,364,375],"stay":true,"x":912.3999999999996,"ladder":0}
218887 NAV-SAMPLE {"y":460,"task":{"y":5,"space":0,"floor":7,"entry":"new-row","kind":"space","furnitureRerouted":true,"x1":46,"x":4,"x0":33},"target":0,"frame":498,"route":[454,598,604,364,375],"stay":true,"x":912.3999999999996,"ladder":0}
220892 NAV-SAMPLE {"y":460,"task":{"y":5,"space":0,"floor":7,"entry":"new-row","kind":"space","furnitureRerouted":true,"x1":46,"x":4,"x0":33},"target":0,"frame":558,"route":[454,598,604,364,375],"stay":true,"x":912.3999999999996,"ladder":0}
222891 NAV-SAMPLE {"y":460,"task":{"y":5,"space":0,"floor":7,"entry":"new-row","kind":"space","furnitureRerouted":true,"x1":46,"x":4,"x0":33},"target":0,"frame":618,"route":[454,598,604,364,375],"stay":true,"x":912.3999999999996,"ladder":0}
223822 heartbeat state=11 case=0 allLands=true text=true resources=true rrCurrent=false rrHost=false
224886 NAV-SAMPLE {"y":460,"task":{"y":5,"space":0,"floor":7,"entry":"new-row","kind":"space","furnitureRerouted":true,"x1":46,"x":4,"x0":33},"target":0,"frame":678,"route":[454,598,604,364,375],"stay":true,"x":912.3999999999996,"ladder":0}
226890 NAV-SAMPLE {"y":460,"task":{"y":5,"space":0,"floor":7,"entry":"new-row","kind":"space","furnitureRerouted":true,"x1":46,"x":4,"x0":33},"target":0,"frame":738,"route":[454,598,604,364,375],"stay":true,"x":912.3999999999996,"ladder":0}
228885 NAV-SAMPLE {"y":460,"task":{"y":5,"space":0,"floor":7,"entry":"new-row","kind":"space","furnitureRerouted":true,"x1":46,"x":4,"x0":33},"target":0,"frame":798,"route":[454,598,604,364,375],"stay":true,"x":912.3999999999996,"ladder":0}
230890 NAV-SAMPLE {"y":460,"task":{"y":5,"space":0,"floor":7,"entry":"new-row","kind":"space","furnitureRerouted":true,"x1":46,"x":4,"x0":33},"target":0,"frame":858,"route":[454,598,604,364,375],"stay":true,"x":912.3999999999996,"ladder":0}
232885 NAV-SAMPLE {"y":460,"task":{"y":5,"space":0,"floor":7,"entry":"new-row","kind":"space","furnitureRerouted":true,"x1":46,"x":4,"x0":33},"target":0,"frame":918,"route":[454,598,604,364,375],"stay":true,"x":912.3999999999996,"ladder":0}
233822 heartbeat state=11 case=0 allLands=true text=true resources=true rrCurrent=false rrHost=false
234886 NAV-SAMPLE {"y":460,"task":{"y":5,"space":0,"floor":7,"entry":"new-row","kind":"space","furnitureRerouted":true,"x1":46,"x":4,"x0":33},"target":0,"frame":978,"route":[454,598,604,364,375],"stay":true,"x":912.3999999999996,"ladder":0}
236885 NAV-SAMPLE {"y":460,"task":{"y":5,"space":0,"floor":7,"entry":"new-row","kind":"space","furnitureRerouted":true,"x1":46,"x":4,"x0":33},"target":0,"frame":1038,"route":[454,598,604,364,375],"stay":true,"x":912.3999999999996,"ladder":0}
238899 NAV-SAMPLE {"y":460,"task":{"y":5,"space":0,"floor":7,"entry":"new-row","kind":"space","furnitureRerouted":true,"x1":46,"x":4,"x0":33},"target":0,"frame":1098,"route":[454,598,604,364,375],"stay":true,"x":912.3999999999996,"ladder":0}
240885 NAV-SAMPLE {"y":460,"task":{"y":5,"space":0,"floor":7,"entry":"new-row","kind":"space","furnitureRerouted":true,"x1":46,"x":4,"x0":33},"target":0,"frame":1158,"route":[454,598,604,364,375],"stay":true,"x":912.3999999999996,"ladder":0}
242885 NAV-SAMPLE {"y":460,"task":{"y":5,"space":0,"floor":7,"entry":"new-row","kind":"space","furnitureRerouted":true,"x1":46,"x":4,"x0":33},"target":0,"frame":1218,"route":[454,598,604,364,375],"stay":true,"x":912.3999999999996,"ladder":0}
243827 heartbeat state=11 case=0 allLands=true text=true resources=true rrCurrent=false rrHost=false
244902 NAV-SAMPLE {"y":460,"task":{"y":5,"space":0,"floor":7,"entry":"new-row","kind":"space","furnitureRerouted":true,"x1":46,"x":4,"x0":33},"target":0,"frame":1278,"route":[454,598,604,364,375],"stay":true,"x":912.3999999999996,"ladder":0}
246885 NAV-SAMPLE {"y":460,"task":{"y":5,"space":0,"floor":7,"entry":"new-row","kind":"space","furnitureRerouted":true,"x1":46,"x":4,"x0":33},"target":0,"frame":1338,"route":[454,598,604,364,375],"stay":true,"x":912.3999999999996,"ladder":0}
248885 NAV-SAMPLE {"y":460,"task":{"y":5,"space":0,"floor":7,"entry":"new-row","kind":"space","furnitureRerouted":true,"x1":46,"x":4,"x0":33},"target":0,"frame":1398,"route":[454,598,604,364,375],"stay":true,"x":912.3999999999996,"ladder":0}
250886 NAV-SAMPLE {"y":460,"task":{"y":5,"space":0,"floor":7,"entry":"new-row","kind":"space","furnitureRerouted":true,"x1":46,"x":4,"x0":33},"target":0,"frame":1458,"route":[454,598,604,364,375],"stay":true,"x":912.3999999999996,"ladder":0}
254417 capture rrstyle-growth-nav-failure 1920x1000 room=syn_44 lightOverlay=false
254424 NAV-END {"completed":0,"success":false,"targets":1,"reason":"Error: Movement timed out at {\"y\":5,\"space\":0,\"floor\":7,\"entry\":\"new-row\",\"kind\":\"space\",\"furnitureRerouted\":true,\"x1\":46,\"x\":4,\"x0\":33}","frames":6344}
254592 DEVELOPMENT-VERSION runtimeTag=[RR:v11-dev] copiedOriginalLog=true
254593 FAIL Error: Movement timed out at {"y":5,"space":0,"floor":7,"entry":"new-row","kind":"space","furnitureRerouted":true,"x1":46,"x":4,"x0":33}
