appId=pferr-style-522c12d6a203421c9ab7ed7b03b60e49
3494 ready cases=3
3494 STORAGE path=C:\Users\hello\AppData\Roaming\pferr-style-522c12d6a203421c9ab7ed7b03b60e49\Local Store existsBefore=true
3496 STORAGE existsAfter=true
3496 NATIVE-LOADER unchanged release registered by host; driver will not call init
3653 heartbeat state=0 case=0 allLands=false text=true resources=false rrCurrent=false rrHost=false
9529 STARTUP-READY all 31 host loaders loaded with nonempty pools
11289 newGame(-1) issued, intro skipped
13233 initial world ready land=rbl
13963 capture scene-picker 1008x729 room=room_0_0 lightOverlay=true
14331 capture comparison-picker 1008x729 room=room_0_0 lightOverlay=true
19672 SCENE-PROBE picker pause/cancel/restore/select PASS plant
19673 development debugTravel random_rooms case=rrstyle-native-f1
19698 heartbeat state=3 case=0 allLands=true text=true resources=true rrCurrent=false rrHost=false
23351 arrived random_rooms room=rr_begin
23516 heartbeat state=3 case=0 allLands=true text=true resources=true rrCurrent=false rrHost=false
25960 capture rrstyle-native-f1-stage 1008x729 room=rr_begin lightOverlay=true
27049 capture rrstyle-native-f1-room 1920x1000 room=rr_begin lightOverlay=false
27081 development pool rrstyle-native-f1 total=25 generated=25 assembled=25 issues=0 themes={"plant":25}
27082 SCENE-PROBE PASS rrstyle-native-f1 theme=plant rooms=25 stage=0 music=music_plant_1 waterTiles=0 waterType=0 waterRad=1
27607 capture rrstyle-native-f1-debug-stage 1008x729 room=rr_begin lightOverlay=true
27610 NATIVE-LOADER Shift+F3 visible; land=random_rooms
31725 SCENE-PROBE F4 from=plant stage=0
31725 development debugTravel random_rooms case=rrstyle-native-f4
33494 heartbeat state=3 case=1 allLands=true text=true resources=true rrCurrent=false rrHost=false
35417 arrived random_rooms room=rr_begin
38087 capture rrstyle-native-f4-stage 1008x729 room=rr_begin lightOverlay=true
38973 capture rrstyle-native-f4-room 1920x1000 room=rr_begin lightOverlay=false
39002 development pool rrstyle-native-f4 total=25 generated=25 assembled=25 issues=0 themes={"plant":25}
39023 SCENE-PROBE PASS rrstyle-native-f4 theme=plant rooms=25 stage=1 music=music_plant_1 waterTiles=0 waterType=0 waterRad=1
39555 capture rrstyle-native-f4-debug-stage 1008x729 room=rr_begin lightOverlay=true
39558 NATIVE-LOADER Shift+F3 visible; land=random_rooms
39570 return to base before refreshing rr_showroom
43516 heartbeat state=7 case=2 allLands=true text=true resources=true rrCurrent=false rrHost=false
44785 returned to base
46968 SCENE-PROBE picker pause/cancel/restore/select PASS sewer
46968 development debugTravel rr_showroom case=rrstyle-native-f5
50616 arrived rr_showroom room=rr_begin
53370 capture rrstyle-native-f5-stage 1008x729 room=rr_begin lightOverlay=true
53877 capture rrstyle-native-f5-room 1920x1000 room=rr_begin lightOverlay=false
53893 development pool rrstyle-native-f5 total=12 generated=12 assembled=12 issues=0 themes={"sewer":12}
53894 SCENE-PROBE PASS rrstyle-native-f5 theme=sewer rooms=12 stage=0 music=music_sewer_1 waterTiles=24 waterType=1 waterRad=3
54549 capture rrstyle-native-f5-debug-stage 1008x729 room=rr_begin lightOverlay=true
54551 NATIVE-LOADER Shift+F3 visible; land=rr_showroom
54563 heartbeat state=2 case=3 allLands=true text=true resources=true rrCurrent=false rrHost=false
54696 DEVELOPMENT-VERSION runtimeTag=[RR:v13-dv] copiedOriginalLog=true
54698 DONE 3 cases
