appId=pferr-style-84f36955018e4da3ba4a70659101db4d
3657 ready cases=4
3658 STORAGE path=C:\Users\hello\AppData\Roaming\pferr-style-84f36955018e4da3ba4a70659101db4d\Local Store existsBefore=true
3659 STORAGE existsAfter=true
39794 development class loaded from unchanged SWF in driver's child domain; init caller is harness
39805 development init returned
40185 heartbeat state=0 case=0 allLands=false text=true resources=true rrCurrent=false rrHost=false
41092 STARTUP-READY all 31 host loaders loaded with nonempty pools
42928 newGame(-1) issued, intro skipped
43823 heartbeat state=1 case=0 allLands=true text=true resources=true rrCurrent=false rrHost=false
45030 initial world ready land=rbl
51490 development debugTravel random_rooms case=rrstyle-growth-plant
53674 heartbeat state=3 case=0 allLands=true text=true resources=true rrCurrent=false rrHost=false
54619 arrived random_rooms room=rr_begin
57351 capture rrstyle-growth-plant-stage 1008x729 room=rr_begin lightOverlay=true
58664 capture rrstyle-growth-plant-room 1920x1000 room=rr_begin lightOverlay=false
58697 development pool rrstyle-growth-plant total=25 generated=25 assembled=25 issues=0 themes={"plant":25}
58727 NAV-GROWTH natural spawn, initial=5x5; targets=[{"y":0,"x":5,"label":"new-column"},{"y":0,"x":4,"label":"return-column"},{"y":5,"x":4,"label":"new-row"},{"y":4,"x":4,"label":"return-row"}]
58750 NAV-GROW-ROUTE 0,0 -> 4,0 edges=4
58753 NAV-SAMPLE {"y":960,"task":{"y":0,"kind":"cross","port":3,"toX":1,"x":0,"toY":0},"stay":true,"frame":0,"ladder":0,"x":641.8,"target":0,"route":[]}
58755 NAV-CONTROL {"support":true,"dy":-1,"step":1132,"transferUp":true,"climb":true,"ladder":0,"leaveSide":false,"ty":959,"dx":503.20000000000005,"tx":1145}
60260 DOOR target=door2 x=1060 lock=0 mine=0
60726 NAV-SAMPLE {"y":960,"task":{"y":0,"kind":"cross","port":3,"toX":1,"x":0,"toY":0},"stay":true,"frame":60,"ladder":0,"x":1058.3,"target":0,"route":[1132,844,796,797,809,761,766]}
62726 NAV-SAMPLE {"y":702.75,"task":{"y":0,"kind":"cross","port":3,"toX":1,"x":0,"toY":0},"stay":false,"frame":120,"ladder":-1,"x":1145,"target":0,"route":[796,797,809,761,766]}
62726 NAV-CONTROL {"support":true,"dy":-23.75,"step":796,"transferUp":false,"climb":false,"ladder":-1,"leaveSide":false,"ty":679,"dx":0,"tx":1145}
63667 heartbeat state=11 case=0 allLands=true text=true resources=true rrCurrent=false rrHost=false
63768 DOOR target=door1 x=1300 lock=0 mine=0
64728 NAV-SAMPLE {"y":680,"task":{"y":0,"kind":"cross","port":3,"toX":1,"x":0,"toY":0},"stay":true,"frame":180,"ladder":0,"x":1417.0499999999997,"target":0,"route":[809,761,766]}
66726 NAV-SAMPLE {"y":575,"task":{"y":0,"kind":"cross","port":3,"toX":1,"x":0,"toY":0},"stay":false,"frame":240,"ladder":0,"x":1791,"target":0,"route":[766]}
66727 NAV-CONTROL {"support":true,"dy":64,"step":766,"transferUp":false,"climb":false,"ladder":0,"leaveSide":false,"ty":639,"dx":89,"tx":1880}
67748 NAV-CROSS {"y":640,"to":"1,0","kind":"cross","port":3,"success":true,"x":34,"frames":256,"from":"0,0"}
69191 NAV-SAMPLE {"y":640,"task":{"y":0,"kind":"cross","port":1,"toX":2,"x":1,"toY":0},"stay":true,"frame":44,"ladder":0,"x":342,"target":1,"route":[737,786,1080,1129,1142,806,805,802,514,523,379,380,382]}
71195 NAV-SAMPLE {"y":565,"task":{"y":0,"kind":"cross","port":1,"toX":2,"x":1,"toY":0},"stay":false,"frame":104,"ladder":0,"x":746.2500000000001,"target":1,"route":[737,786,1080,1129,1142,806,805,802,514,523,379,380,382]}
71196 NAV-CONTROL {"support":true,"dy":74,"step":737,"transferUp":false,"climb":false,"ladder":0,"leaveSide":false,"ty":639,"dx":-26.250000000000114,"tx":720}
73128 NAV-POSE {"y":909,"dy":-270,"step":737,"stuck":24,"x":712.8999999999997,"stayPhis":2,"ladder":0,"leaveSide":false,"stay":true,"dx":7.10000000000025}
73194 NAV-SAMPLE {"y":909,"task":{"y":0,"kind":"cross","port":1,"toX":2,"x":1,"toY":0},"stay":true,"frame":164,"ladder":0,"x":712.8999999999997,"target":1,"route":[737,786,1080,1129,1142,806,805,802,514,523,379,380,382]}
73359 NAV-POSE {"y":909,"dy":-270,"step":737,"stuck":31,"x":712.8999999999997,"stayPhis":2,"ladder":0,"leaveSide":false,"stay":true,"dx":7.10000000000025}
73663 heartbeat state=11 case=0 allLands=true text=true resources=true rrCurrent=false rrHost=false
74332 NAV-STUCK {"y":909,"dy":-270,"tx":720,"x":712.8999999999997,"ty":639,"dx":7.10000000000025,"stayPhis":2}
75193 NAV-SAMPLE {"y":909,"task":{"y":0,"kind":"cross","port":1,"toX":2,"x":1,"toY":0},"stay":true,"frame":224,"ladder":0,"x":712.8999999999997,"target":1,"route":[737,786,1080,1129,1142,806,805,802,514,523,379,380,382]}
75193 NAV-CONTROL {"support":true,"dy":-270,"step":737,"transferUp":false,"climb":false,"ladder":0,"leaveSide":false,"ty":639,"dx":7.10000000000025,"tx":720}
75734 NAV-AVOID-FURNITURE alternate native tile route
75735 NAV-FURNITURE-LANDING {"y":909,"waypoint":1121,"x":712.8999999999997}
77195 NAV-SAMPLE {"y":960,"task":{"y":0,"kind":"cross","port":1,"furnitureRerouted":true,"toX":2,"x":1,"toY":0},"stay":true,"frame":284,"ladder":0,"x":980.2999999999997,"target":1,"route":[1142,806,805,802,514,523,379,380,382]}
78058 DOOR target=door2 x=1260 lock=0 mine=0
79192 NAV-SAMPLE {"y":960,"task":{"y":0,"kind":"cross","port":1,"furnitureRerouted":true,"toX":2,"x":1,"toY":0},"stay":true,"frame":344,"ladder":0,"x":1400.2999999999997,"target":1,"route":[1142,806,805,802,514,523,379,380,382]}
79192 NAV-CONTROL {"support":true,"dy":-1,"step":1142,"transferUp":true,"climb":true,"ladder":0,"leaveSide":false,"ty":959,"dx":174.70000000000027,"tx":1575}
81196 NAV-SAMPLE {"y":771,"task":{"y":0,"kind":"cross","port":1,"furnitureRerouted":true,"toX":2,"x":1,"toY":0},"stay":false,"frame":404,"ladder":1,"x":1575,"target":1,"route":[806,805,802,514,523,379,380,382]}
83194 NAV-SAMPLE {"y":680,"task":{"y":0,"kind":"cross","port":1,"furnitureRerouted":true,"toX":2,"x":1,"toY":0},"stay":true,"frame":464,"ladder":0,"x":1460.1022479151156,"target":1,"route":[802,514,523,379,380,382]}
83194 NAV-CONTROL {"support":true,"dy":-1,"step":802,"transferUp":true,"climb":true,"ladder":0,"leaveSide":false,"ty":679,"dx":-45.10224791511564,"tx":1415}
83666 heartbeat state=11 case=0 allLands=true text=true resources=true rrCurrent=false rrHost=false
85194 NAV-SAMPLE {"y":370.5,"task":{"y":0,"kind":"cross","port":1,"furnitureRerouted":true,"toX":2,"x":1,"toY":0},"stay":false,"frame":524,"ladder":0,"x":1466.1000000000001,"target":1,"route":[523,379,380,382]}
85363 DOOR target=hatch1 x=1600 lock=0 mine=0
87194 NAV-SAMPLE {"y":350.75,"task":{"y":0,"kind":"cross","port":1,"furnitureRerouted":true,"toX":2,"x":1,"toY":0},"stay":false,"frame":584,"ladder":1,"x":1775,"target":1,"route":[379,380,382]}
87195 NAV-CONTROL {"support":false,"dy":-31.75,"step":379,"transferUp":false,"climb":true,"ladder":1,"leaveSide":true,"ty":319,"dx":0,"tx":1775}
87400 DOOR target=hatch1 x=1760 lock=0 mine=0
89372 NAV-CROSS {"y":320,"to":"2,0","kind":"cross","port":1,"success":true,"x":34,"frames":634,"from":"1,0"}
89658 NAV-SAMPLE {"y":320,"task":{"y":0,"kind":"cross","port":3,"toX":3,"x":2,"toY":0},"stay":true,"frame":10,"ladder":0,"x":104,"target":2,"route":[343,344,440,461,462,558,559,655,656,800,810,811,763,766]}
91660 NAV-SAMPLE {"y":400,"task":{"y":0,"kind":"cross","port":3,"toX":3,"x":2,"toY":0},"stay":true,"frame":70,"ladder":0,"x":448.7,"target":2,"route":[461,462,558,559,655,656,800,810,811,763,766]}
91660 NAV-CONTROL {"support":true,"dy":-1,"step":461,"transferUp":false,"climb":false,"ladder":0,"leaveSide":false,"ty":399,"dx":751.3,"tx":1200}
93660 heartbeat state=11 case=0 allLands=true text=true resources=true rrCurrent=false rrHost=false
93661 NAV-SAMPLE {"y":386,"task":{"y":0,"kind":"cross","port":3,"toX":3,"x":2,"toY":0},"stay":false,"frame":130,"ladder":0,"x":868.7,"target":2,"route":[461,462,558,559,655,656,800,810,811,763,766]}
95663 NAV-SAMPLE {"y":350,"task":{"y":0,"kind":"cross","port":3,"toX":3,"x":2,"toY":0},"stay":false,"frame":190,"ladder":0,"x":1232.7500000000007,"target":2,"route":[462,558,559,655,656,800,810,811,763,766]}
95664 NAV-CONTROL {"support":false,"dy":49,"step":462,"transferUp":false,"climb":false,"ladder":0,"leaveSide":false,"ty":399,"dx":7.249999999999318,"tx":1240}
97664 NAV-SAMPLE {"y":418.0499999999993,"task":{"y":0,"kind":"cross","port":3,"toX":3,"x":2,"toY":0},"stay":false,"frame":250,"ladder":0,"x":1240.1500000000003,"target":2,"route":[558,559,655,656,800,810,811,763,766]}
99664 NAV-SAMPLE {"y":680,"task":{"y":0,"kind":"cross","port":3,"toX":3,"x":2,"toY":0},"stay":true,"frame":310,"ladder":0,"x":1282.2999999999997,"target":2,"route":[559,655,656,800,810,811,763,766]}
99664 NAV-CONTROL {"support":true,"dy":-161,"step":559,"transferUp":false,"climb":false,"ladder":0,"leaveSide":false,"ty":519,"dx":-2.299999999999727,"tx":1280}
99927 NAV-POSE {"y":680,"dy":-161,"step":559,"stuck":24,"x":1282.2999999999997,"stayPhis":1,"ladder":0,"leaveSide":false,"stay":true,"dx":-2.299999999999727}
100160 NAV-POSE {"y":680,"dy":-161,"step":559,"stuck":31,"x":1282.2999999999997,"stayPhis":1,"ladder":0,"leaveSide":false,"stay":true,"dx":-2.299999999999727}
101130 NAV-STUCK {"y":680,"dy":-161,"tx":1280,"x":1282.2999999999997,"ty":519,"dx":-2.299999999999727,"stayPhis":1}
101659 NAV-SAMPLE {"y":680,"task":{"y":0,"kind":"cross","port":3,"toX":3,"x":2,"toY":0},"stay":true,"frame":370,"ladder":0,"x":1282.2999999999997,"target":2,"route":[559,655,656,800,810,811,763,766]}
103663 heartbeat state=11 case=0 allLands=true text=true resources=true rrCurrent=false rrHost=false
103663 NAV-SAMPLE {"y":680,"task":{"y":0,"kind":"cross","port":3,"toX":3,"x":2,"toY":0},"stay":true,"frame":430,"ladder":0,"x":1282.2999999999997,"target":2,"route":[559,655,656,800,810,811,763,766]}
103664 NAV-CONTROL {"support":true,"dy":-161,"step":559,"transferUp":false,"climb":false,"ladder":0,"leaveSide":false,"ty":519,"dx":-2.299999999999727,"tx":1280}
105333 NAV-AVOID-FURNITURE alternate native tile route
105662 NAV-SAMPLE {"y":570,"task":{"y":0,"kind":"cross","port":3,"furnitureRerouted":true,"toX":3,"x":2,"toY":0},"stay":false,"frame":490,"ladder":0,"x":1333.0499999999997,"target":2,"route":[810,811,763,766]}
107664 NAV-SAMPLE {"y":603,"task":{"y":0,"kind":"cross","port":3,"furnitureRerouted":true,"toX":3,"x":2,"toY":0},"stay":false,"frame":550,"ladder":0,"x":1725.35,"target":2,"route":[810,811,763,766]}
107664 NAV-CONTROL {"support":true,"dy":76,"step":810,"transferUp":false,"climb":false,"ladder":0,"leaveSide":false,"ty":679,"dx":-5.349999999999909,"tx":1720}
109650 NAV-CROSS {"y":640,"to":"3,0","kind":"cross","port":3,"success":true,"x":34,"frames":599,"from":"2,0"}
110992 NAV-SAMPLE {"y":640,"task":{"y":0,"kind":"cross","port":3,"toX":4,"x":3,"toY":0},"stay":true,"frame":11,"ladder":0,"x":111,"target":3,"route":[725,726,534,561,897,906,907,763,764,766]}
111360 DOOR target=hatch1 x=280 lock=0 mine=0
112994 NAV-SAMPLE {"y":483.25,"task":{"y":0,"kind":"cross","port":3,"toX":4,"x":3,"toY":0},"stay":false,"frame":71,"ladder":1,"x":295,"target":3,"route":[534,561,897,906,907,763,764,766]}
112995 NAV-CONTROL {"support":true,"dy":-4.25,"step":534,"transferUp":false,"climb":false,"ladder":1,"leaveSide":false,"ty":479,"dx":-15,"tx":280}
113664 heartbeat state=11 case=0 allLands=true text=true resources=true rrCurrent=false rrHost=false
114995 NAV-SAMPLE {"y":458.90000000000003,"task":{"y":0,"kind":"cross","port":3,"toX":4,"x":3,"toY":0},"stay":true,"frame":131,"ladder":0,"x":381.09999999999997,"target":3,"route":[561,897,906,907,763,764,766]}
116992 NAV-SAMPLE {"y":458.90000000000003,"task":{"y":0,"kind":"cross","port":3,"toX":4,"x":3,"toY":0},"stay":true,"frame":191,"ladder":0,"x":381.09999999999997,"target":3,"route":[561,897,906,907,763,764,766]}
116994 NAV-CONTROL {"support":true,"dy":20.099999999999966,"step":561,"transferUp":false,"climb":false,"ladder":0,"leaveSide":false,"ty":479,"dx":993.9000000000001,"tx":1375}
118637 NAV-AVOID-FURNITURE alternate native tile route
118995 NAV-SAMPLE {"y":464.15000000000003,"task":{"y":0,"kind":"cross","port":3,"furnitureRerouted":true,"toX":4,"x":3,"toY":0},"stay":true,"frame":251,"ladder":0,"x":375.84999999999997,"target":3,"route":[537,561,897,906,907,763,764,766]}
120995 NAV-SAMPLE {"y":464.15000000000003,"task":{"y":0,"kind":"cross","port":3,"furnitureRerouted":true,"toX":4,"x":3,"toY":0},"stay":true,"frame":311,"ladder":0,"x":375.84999999999997,"target":3,"route":[537,561,897,906,907,763,764,766]}
120995 NAV-CONTROL {"support":true,"dy":14.849999999999966,"step":537,"transferUp":false,"climb":false,"ladder":0,"leaveSide":false,"ty":479,"dx":24.150000000000034,"tx":400}
122994 NAV-SAMPLE {"y":464.15000000000003,"task":{"y":0,"kind":"cross","port":3,"furnitureRerouted":true,"toX":4,"x":3,"toY":0},"stay":true,"frame":371,"ladder":0,"x":375.84999999999997,"target":3,"route":[537,561,897,906,907,763,764,766]}
123664 heartbeat state=11 case=0 allLands=true text=true resources=true rrCurrent=false rrHost=false
124994 NAV-SAMPLE {"y":464.15000000000003,"task":{"y":0,"kind":"cross","port":3,"furnitureRerouted":true,"toX":4,"x":3,"toY":0},"stay":true,"frame":431,"ladder":0,"x":375.84999999999997,"target":3,"route":[537,561,897,906,907,763,764,766]}
124994 NAV-CONTROL {"support":true,"dy":14.849999999999966,"step":537,"transferUp":false,"climb":false,"ladder":0,"leaveSide":false,"ty":479,"dx":24.150000000000034,"tx":400}
127095 NAV-SAMPLE {"y":464.15000000000003,"task":{"y":0,"kind":"cross","port":3,"furnitureRerouted":true,"toX":4,"x":3,"toY":0},"stay":true,"frame":491,"ladder":0,"x":375.84999999999997,"target":3,"route":[537,561,897,906,907,763,764,766]}
129097 NAV-SAMPLE {"y":464.15000000000003,"task":{"y":0,"kind":"cross","port":3,"furnitureRerouted":true,"toX":4,"x":3,"toY":0},"stay":true,"frame":551,"ladder":0,"x":375.84999999999997,"target":3,"route":[537,561,897,906,907,763,764,766]}
129097 NAV-CONTROL {"support":true,"dy":14.849999999999966,"step":537,"transferUp":false,"climb":false,"ladder":0,"leaveSide":false,"ty":479,"dx":24.150000000000034,"tx":400}
131094 NAV-SAMPLE {"y":464.15000000000003,"task":{"y":0,"kind":"cross","port":3,"furnitureRerouted":true,"toX":4,"x":3,"toY":0},"stay":true,"frame":611,"ladder":0,"x":375.84999999999997,"target":3,"route":[537,561,897,906,907,763,764,766]}
133093 NAV-SAMPLE {"y":464.15000000000003,"task":{"y":0,"kind":"cross","port":3,"furnitureRerouted":true,"toX":4,"x":3,"toY":0},"stay":true,"frame":671,"ladder":0,"x":375.84999999999997,"target":3,"route":[537,561,897,906,907,763,764,766]}
133094 NAV-CONTROL {"support":true,"dy":14.849999999999966,"step":537,"transferUp":false,"climb":false,"ladder":0,"leaveSide":false,"ty":479,"dx":24.150000000000034,"tx":400}
133670 heartbeat state=11 case=0 allLands=true text=true resources=true rrCurrent=false rrHost=false
135093 NAV-SAMPLE {"y":464.15000000000003,"task":{"y":0,"kind":"cross","port":3,"furnitureRerouted":true,"toX":4,"x":3,"toY":0},"stay":true,"frame":731,"ladder":0,"x":375.84999999999997,"target":3,"route":[537,561,897,906,907,763,764,766]}
137093 NAV-SAMPLE {"y":464.15000000000003,"task":{"y":0,"kind":"cross","port":3,"furnitureRerouted":true,"toX":4,"x":3,"toY":0},"stay":true,"frame":791,"ladder":0,"x":375.84999999999997,"target":3,"route":[537,561,897,906,907,763,764,766]}
137093 NAV-CONTROL {"support":true,"dy":14.849999999999966,"step":537,"transferUp":false,"climb":false,"ladder":0,"leaveSide":false,"ty":479,"dx":24.150000000000034,"tx":400}
139094 NAV-SAMPLE {"y":464.15000000000003,"task":{"y":0,"kind":"cross","port":3,"furnitureRerouted":true,"toX":4,"x":3,"toY":0},"stay":true,"frame":851,"ladder":0,"x":375.84999999999997,"target":3,"route":[537,561,897,906,907,763,764,766]}
141095 NAV-SAMPLE {"y":464.15000000000003,"task":{"y":0,"kind":"cross","port":3,"furnitureRerouted":true,"toX":4,"x":3,"toY":0},"stay":true,"frame":911,"ladder":0,"x":375.84999999999997,"target":3,"route":[537,561,897,906,907,763,764,766]}
141096 NAV-CONTROL {"support":true,"dy":14.849999999999966,"step":537,"transferUp":false,"climb":false,"ladder":0,"leaveSide":false,"ty":479,"dx":24.150000000000034,"tx":400}
143097 NAV-SAMPLE {"y":464.15000000000003,"task":{"y":0,"kind":"cross","port":3,"furnitureRerouted":true,"toX":4,"x":3,"toY":0},"stay":true,"frame":971,"ladder":0,"x":375.84999999999997,"target":3,"route":[537,561,897,906,907,763,764,766]}
143664 heartbeat state=11 case=0 allLands=true text=true resources=true rrCurrent=false rrHost=false
145094 NAV-SAMPLE {"y":464.15000000000003,"task":{"y":0,"kind":"cross","port":3,"furnitureRerouted":true,"toX":4,"x":3,"toY":0},"stay":true,"frame":1031,"ladder":0,"x":375.84999999999997,"target":3,"route":[537,561,897,906,907,763,764,766]}
145095 NAV-CONTROL {"support":true,"dy":14.849999999999966,"step":537,"transferUp":false,"climb":false,"ladder":0,"leaveSide":false,"ty":479,"dx":24.150000000000034,"tx":400}
147093 NAV-SAMPLE {"y":464.15000000000003,"task":{"y":0,"kind":"cross","port":3,"furnitureRerouted":true,"toX":4,"x":3,"toY":0},"stay":true,"frame":1091,"ladder":0,"x":375.84999999999997,"target":3,"route":[537,561,897,906,907,763,764,766]}
149093 NAV-SAMPLE {"y":464.15000000000003,"task":{"y":0,"kind":"cross","port":3,"furnitureRerouted":true,"toX":4,"x":3,"toY":0},"stay":true,"frame":1151,"ladder":0,"x":375.84999999999997,"target":3,"route":[537,561,897,906,907,763,764,766]}
149094 NAV-CONTROL {"support":true,"dy":14.849999999999966,"step":537,"transferUp":false,"climb":false,"ladder":0,"leaveSide":false,"ty":479,"dx":24.150000000000034,"tx":400}
151094 NAV-SAMPLE {"y":464.15000000000003,"task":{"y":0,"kind":"cross","port":3,"furnitureRerouted":true,"toX":4,"x":3,"toY":0},"stay":true,"frame":1211,"ladder":0,"x":375.84999999999997,"target":3,"route":[537,561,897,906,907,763,764,766]}
153092 NAV-SAMPLE {"y":464.15000000000003,"task":{"y":0,"kind":"cross","port":3,"furnitureRerouted":true,"toX":4,"x":3,"toY":0},"stay":true,"frame":1271,"ladder":0,"x":375.84999999999997,"target":3,"route":[537,561,897,906,907,763,764,766]}
153093 NAV-CONTROL {"support":true,"dy":14.849999999999966,"step":537,"transferUp":false,"climb":false,"ladder":0,"leaveSide":false,"ty":479,"dx":24.150000000000034,"tx":400}
153666 heartbeat state=11 case=0 allLands=true text=true resources=true rrCurrent=false rrHost=false
155094 NAV-SAMPLE {"y":464.15000000000003,"task":{"y":0,"kind":"cross","port":3,"furnitureRerouted":true,"toX":4,"x":3,"toY":0},"stay":true,"frame":1331,"ladder":0,"x":375.84999999999997,"target":3,"route":[537,561,897,906,907,763,764,766]}
157092 NAV-SAMPLE {"y":464.15000000000003,"task":{"y":0,"kind":"cross","port":3,"furnitureRerouted":true,"toX":4,"x":3,"toY":0},"stay":true,"frame":1391,"ladder":0,"x":375.84999999999997,"target":3,"route":[537,561,897,906,907,763,764,766]}
157093 NAV-CONTROL {"support":true,"dy":14.849999999999966,"step":537,"transferUp":false,"climb":false,"ladder":0,"leaveSide":false,"ty":479,"dx":24.150000000000034,"tx":400}
159093 NAV-SAMPLE {"y":464.15000000000003,"task":{"y":0,"kind":"cross","port":3,"furnitureRerouted":true,"toX":4,"x":3,"toY":0},"stay":true,"frame":1451,"ladder":0,"x":375.84999999999997,"target":3,"route":[537,561,897,906,907,763,764,766]}
162101 capture rrstyle-growth-plant-nav-failure 1920x1000 room=syn_15 lightOverlay=false
162111 NAV-END {"completed":3,"success":false,"targets":4,"reason":"Error: Movement timed out at {\"y\":0,\"kind\":\"cross\",\"port\":3,\"furnitureRerouted\":true,\"toX\":4,\"x\":3,\"toY\":0}","frames":2991}
162234 DEVELOPMENT-VERSION runtimeTag=[RR:v12-compare] copiedOriginalLog=true
162234 FAIL Error: Movement timed out at {"y":0,"kind":"cross","port":3,"furnitureRerouted":true,"toX":4,"x":3,"toY":0}
