appId=pferr-style-8c3f5e36bbc041d58753e21b0898cbdd
3900 ready cases=2
3902 STORAGE path=C:\Users\hello\AppData\Roaming\pferr-style-8c3f5e36bbc041d58753e21b0898cbdd\Local Store existsBefore=true
3906 STORAGE existsAfter=true
4379 heartbeat state=0 case=0 allLands=false text=true resources=false rrCurrent=false rrHost=false
4383 development class loaded from unchanged SWF in driver's child domain; init caller is harness
4401 development init returned
8449 STARTUP-READY all 31 host loaders loaded with nonempty pools
10126 newGame(-1) issued, intro skipped
12324 initial world ready land=rbl
13204 development debugTravel rr_showroom case=rrstyle-smoke-f5
13897 heartbeat state=3 case=0 allLands=true text=true resources=true rrCurrent=false rrHost=false
16261 arrived rr_showroom room=rr_begin
18971 capture rrstyle-smoke-f5-stage 1008x729 room=rr_begin lightOverlay=true
21614 capture rrstyle-smoke-f5-room 1920x1000 room=rr_begin lightOverlay=false
21632 development pool rrstyle-smoke-f5 total=12 generated=12 assembled=12 issues=0 themes={"stable":12}
24554 development debugTravel random_rooms case=rrstyle-smoke-f1
24564 heartbeat state=3 case=1 allLands=true text=true resources=true rrCurrent=false rrHost=false
27683 arrived random_rooms room=rr_begin
30436 capture rrstyle-smoke-f1-stage 1008x729 room=rr_begin lightOverlay=true
31988 capture rrstyle-smoke-f1-room 1920x1000 room=rr_begin lightOverlay=false
32016 development pool rrstyle-smoke-f1 total=25 generated=25 assembled=25 issues=0 themes={"sewer":25}
32174 DEVELOPMENT-VERSION runtimeTag=[RR:v9.0] copiedOriginalLog=true
32175 DONE 2 cases
