appId=pferr-style-04c689be63e64f44b2f40cc0e3278626
3491 ready cases=2
3492 STORAGE path=C:\Users\hello\AppData\Roaming\pferr-style-04c689be63e64f44b2f40cc0e3278626\Local Store existsBefore=true
3493 STORAGE existsAfter=true
6741 development class loaded from unchanged SWF in driver's child domain; init caller is harness
6755 development init returned
7054 heartbeat state=0 case=0 allLands=false text=true resources=true rrCurrent=false rrHost=false
7875 STARTUP-READY all 31 host loaders loaded with nonempty pools
9865 newGame(-1) issued, intro skipped
11781 initial world ready land=rbl
13219 development debugTravel rr_showroom case=rrstyle-smoke-f5
13499 heartbeat state=3 case=0 allLands=true text=true resources=true rrCurrent=false rrHost=false
16372 arrived rr_showroom room=rr_begin
19112 capture rrstyle-smoke-f5-stage 1008x729 room=rr_begin lightOverlay=true
20357 capture rrstyle-smoke-f5-room 1920x1000 room=rr_begin lightOverlay=false
20378 development pool rrstyle-smoke-f5 total=12 generated=12 assembled=12 issues=0 themes={"plant":12}
24603 development debugTravel random_rooms case=rrstyle-smoke-f1
24616 heartbeat state=3 case=1 allLands=true text=true resources=true rrCurrent=false rrHost=false
27686 arrived random_rooms room=rr_begin
30329 capture rrstyle-smoke-f1-stage 1008x729 room=rr_begin lightOverlay=true
31537 capture rrstyle-smoke-f1-room 1920x1000 room=rr_begin lightOverlay=false
31563 development pool rrstyle-smoke-f1 total=25 generated=25 assembled=25 issues=0 themes={"plant":25}
31728 DEVELOPMENT-VERSION runtimeTag=[RR:v12-compare] copiedOriginalLog=true
31729 DONE 2 cases
